--- Testing Billing Reconciliation ---
Γ£à Database connected successfully at 2026-02-24T18:35:01.500Z
Γ£à Database connected successfully at 2026-02-24T18:35:01.504Z
Created test user: recon_test_1771958101400 (Initial Ledger Sum: 10, Balance: 10)
Inducing drift: Setting balance to 50 manually...

Running RECONCILE CHECK...

--- Billing Reconciliation TOOL (CHECK) ---
Fetching ledger vs balance data...
Γ£à Database connected successfully at 2026-02-24T18:35:02.205Z

ID | Username | Balance | Ledger Sum | Drift
--------------------------------------------------
57 | recon_test_1771958101400 | 50 | 10 | 40 ΓÜá∩╕Å

Scan complete. Found 1 users with drift.

Γ£à Drift successfully detected.

Running RECONCILE EXPLAIN...

--- Billing Reconciliation TOOL (EXPLAIN) ---
Γ£à Database connected successfully at 2026-02-24T18:35:02.858Z

Explaining User: recon_test_1771958101400 (ID: 57)
Reported Balance: 50

Ledger History:
ID | Created At | Amount | Type | Description
--------------------------------------------------------------------------------
181   | 2026-02-24T17:35:01.656Z | 10     | addition     | Sign-up bonus
--------------------------------------------------------------------------------
Final Ledger Sum: 10
Balance Mismatch: 40


Running RECONCILE REPAIR...
node : Fatal error: error: 
new row for relation 
"credit_transactions" 
violates check constraint "c
redit_transactions_type_chec
k"
At line:1 char:1
+ node scripts/test-reconcil
iation.js > test_output.txt 
2>&1; cat test_ ...
+ ~~~~~~~~~~~~~~~~~~~~~~~~~~
~~~~~~~~~~~~~~~~~~~~~~~~~~~~
~~~~
    + CategoryInfo          
    : NotSpecified: (Fatal  
   error: er...ons_type_c   
 heck":String) [], Remot    
eException
    + FullyQualifiedErrorId 
    : NativeCommandError
 
    at C:\Users\USER\Documen
ts\workspace\video-editor\no
de_modules\pg\lib\client.js:
624:17
    at process.processTicksA
ndRejections (node:internal/
process/task_queues:105:5)
    at async C:\Users\USER\D
ocuments\workspace\video-edi
tor\apps\api\scripts\reconci
liation.js:123:7
    at async transaction (C:
\Users\USER\Documents\worksp
ace\video-editor\packages\sh
ared\database\db.js:116:20)
    at async runRepair (C:\U
sers\USER\Documents\workspac
e\video-editor\apps\api\scri
pts\reconciliation.js:120:5)
    at async reconcile (C:\U
sers\USER\Documents\workspac
e\video-editor\apps\api\scri
pts\reconciliation.js:22:5) 
{
  length: 374,
  severity: 'ERROR',
  code: '23514',
  detail: 'Failing row 
contains (182, 57, 40, 
reconciliation_adjustment, 
System repair for balance 
drift (Delta: 40), 
2026-02-24 18:35:03.493763, 
null, null).',
  hint: undefined,
  position: undefined,
  internalPosition: 
undefined,
  internalQuery: undefined,
  where: undefined,
  schema: 'public',
  table: 
'credit_transactions',
  column: undefined,
  dataType: undefined,
  constraint: 'credit_transa
ctions_type_check',
  file: 'execMain.c',
  line: '2074',
  routine: 'ExecConstraints'
}
Test crashed: Error: 
Command failed: node apps/ap
i/scripts/reconciliation.js 
--mode repair --userId 57
Fatal error: error: new row 
for relation 
"credit_transactions" 
violates check constraint "c
redit_transactions_type_chec
k"
    at C:\Users\USER\Documen
ts\workspace\video-editor\no
de_modules\pg\lib\client.js:
624:17
    at process.processTicksA
ndRejections (node:internal/
process/task_queues:105:5)
    at async C:\Users\USER\D
ocuments\workspace\video-edi
tor\apps\api\scripts\reconci
liation.js:123:7
    at async transaction (C:
\Users\USER\Documents\worksp
ace\video-editor\packages\sh
ared\database\db.js:116:20)
    at async runRepair (C:\U
sers\USER\Documents\workspac
e\video-editor\apps\api\scri
pts\reconciliation.js:120:5)
    at async reconcile (C:\U
sers\USER\Documents\workspac
e\video-editor\apps\api\scri
pts\reconciliation.js:22:5) 
{
  length: 374,
  severity: 'ERROR',
  code: '23514',
  detail: 'Failing row 
contains (182, 57, 40, 
reconciliation_adjustment, 
System repair for balance 
drift (Delta: 40), 
2026-02-24 18:35:03.493763, 
null, null).',
  hint: undefined,
  position: undefined,
  internalPosition: 
undefined,
  internalQuery: undefined,
  where: undefined,
  schema: 'public',
  table: 
'credit_transactions',
  column: undefined,
  dataType: undefined,
  constraint: 'credit_transa
ctions_type_check',
  file: 'execMain.c',
  line: '2074',
  routine: 'ExecConstraints'
}

    at genericNodeError (nod
e:internal/errors:983:15)
    at wrappedFn (node:inter
nal/errors:537:14)
    at checkExecSyncError 
(node:child_process:916:11)
    at execSync 
(node:child_process:988:15)
    at testReconciliation (C
:\Users\USER\Documents\works
pace\video-editor\scripts\te
st-reconciliation.js:40:24)
    at process.processTicksA
ndRejections (node:internal/
process/task_queues:105:5) {
  status: 1,
  signal: null,
  output: [
    null,
    <Buffer 0a 2d 2d 2d 20 
42 69 6c 6c 69 6e 67 20 52 
65 63 6f 6e 63 69 6c 69 61 
74 69 6f 6e 20 54 4f 4f 4c 
20 28 52 45 50 41 49 52 29 
20 2d 2d 2d 0a 52 65 70 61 
... 167 more bytes>,
    <Buffer 46 61 74 61 6c 
20 65 72 72 6f 72 3a 20 65 
72 72 6f 72 3a 20 6e 65 77 
20 72 6f 77 20 66 6f 72 20 
72 65 6c 61 74 69 6f 6e 20 
22 63 72 65 64 69 74 5f 74 
... 1234 more bytes>
  ],
  pid: 24472,
  stdout: <Buffer 0a 2d 2d 
2d 20 42 69 6c 6c 69 6e 67 
20 52 65 63 6f 6e 63 69 6c 
69 61 74 69 6f 6e 20 54 4f 
4f 4c 20 28 52 45 50 41 49 
52 29 20 2d 2d 2d 0a 52 65 
70 61 ... 167 more bytes>,
  stderr: <Buffer 46 61 74 
61 6c 20 65 72 72 6f 72 3a 
20 65 72 72 6f 72 3a 20 6e 
65 77 20 72 6f 77 20 66 6f 
72 20 72 65 6c 61 74 69 6f 
6e 20 22 63 72 65 64 69 74 
5f 74 ... 1234 more bytes>
}
